// Jest Snapshot v1, https://goo.gl/fbAQLP

exports[`Render Map 1`] = `
<map
  coordinates={
    Array [
      52.38333,
      4.9,
    ]
  }
  offers={
    Array [
      Object {
        "author": Object {
          "avatar": "img/avatar-angelina.jpg",
          "isSuper": true,
          "name": "Angelina",
        },
        "cityId": 1,
        "coordinates": Array [
          52.3909553943508,
          4.85309666406198,
        ],
        "facilities": Array [
          "Wi-Fi",
          "Washing machine",
          "Towels",
          "Heating",
          "Coffee machine",
          "Baby seat",
          "Kitchen",
          "Dishwasher",
          "Cabel TV",
          "Fridge",
        ],
        "guests": "Max 4 adults",
        "id": 1,
        "image": "img/apartment-01.jpg",
        "images": Array [
          "img/room.jpg",
          "img/apartment-01.jpg",
          "img/apartment-02.jpg",
          "img/apartment-03.jpg",
          "img/studio-01.jpg",
          "img/apartment-01.jpg",
        ],
        "inBookmarks": true,
        "isPremium": true,
        "name": "Beautiful & luxurious apartment at great locatccion",
        "price": 132,
        "rating": 4.1,
        "rooms": "3 Bedrooms",
        "text": Array [
          "A quiet cozy and picturesque that hides behind a a river by the unique lightness of Amsterdam.
      The building is green and from 18th century.",
          "An independent House, strategically located between Rembrand Square and National Opera, but where the
      bustle of the city comes to rest in this alley flowery and colorful.",
        ],
        "type": "hotel",
        "zoom": 10,
      },
      Object {
        "author": Object {
          "avatar": "img/avatar-max.jpg",
          "isSuper": true,
          "name": "Max",
        },
        "cityId": 1,
        "coordinates": Array [
          52.369553943508,
          4.85309666406198,
        ],
        "facilities": Array [
          "Wi-Fi",
          "Washing machine",
          "Towels",
        ],
        "guests": "Max 2 adults",
        "id": 2,
        "image": "img/apartment-02.jpg",
        "images": Array [
          "img/room.jpg",
          "img/apartment-01.jpg",
          "img/apartment-02.jpg",
          "img/apartment-03.jpg",
          "img/studio-01.jpg",
          "img/apartment-01.jpg",
        ],
        "inBookmarks": false,
        "isPremium": false,
        "name": "Wood and stone place",
        "price": 254,
        "rating": 5,
        "rooms": "1 Bedrooms",
        "text": Array [
          "A quiet cozy and picturesque that hides behind a a river by the unique lightness of Amsterdam.
      The building is green and from 18th century.",
          "An independent House, strategically located between Rembrand Square and National Opera, but where the
      bustle of the city comes to rest in this alley flowery and colorful.",
        ],
        "type": "apartment",
        "zoom": 10,
      },
      Object {
        "author": Object {
          "avatar": "",
          "isSuper": true,
          "name": "Alex",
        },
        "cityId": 2,
        "coordinates": Array [
          48.85875194,
          2.33926391,
        ],
        "facilities": Array [
          "Wi-Fi",
          "Heating",
          "Coffee machine",
          "Baby seat",
          "Kitchen",
        ],
        "guests": "Max 2 adults and 1 children",
        "id": 3,
        "image": "img/apartment-03.jpg",
        "images": Array [
          "img/room.jpg",
          "img/apartment-01.jpg",
          "img/apartment-02.jpg",
          "img/apartment-03.jpg",
          "img/studio-01.jpg",
          "img/apartment-01.jpg",
        ],
        "inBookmarks": true,
        "isPremium": true,
        "name": "Canal View Prinsengracht",
        "price": 178,
        "rating": 3,
        "rooms": "2 Bedrooms",
        "text": Array [
          "A quiet cozy and picturesque that hides behind a a river by the unique lightness of Amsterdam.
      The building is green and from 18th century.",
          "An independent House, strategically located between Rembrand Square and National Opera, but where the
      bustle of the city comes to rest in this alley flowery and colorful.",
        ],
        "type": "room",
        "zoom": 10,
      },
      Object {
        "author": Object {
          "avatar": "",
          "isSuper": true,
          "name": "Steven",
        },
        "cityId": 3,
        "coordinates": Array [
          50.938361,
          6.959974,
        ],
        "facilities": Array [
          "Wi-Fi",
          "Kitchen",
          "Dishwasher",
          "Cabel TV",
          "Fridge",
        ],
        "guests": "Max 3 adults and 2 children",
        "id": 4,
        "image": "img/room.jpg",
        "images": Array [
          "img/room.jpg",
          "img/apartment-01.jpg",
          "img/apartment-02.jpg",
          "img/apartment-03.jpg",
          "img/studio-01.jpg",
          "img/apartment-01.jpg",
        ],
        "inBookmarks": false,
        "isPremium": true,
        "name": "Nice, cozy, warm big bed apartment",
        "price": 995,
        "rating": 1,
        "rooms": "5 Bedrooms",
        "text": Array [
          "A quiet cozy and picturesque that hides behind a a river by the unique lightness of Amsterdam.
      The building is green and from 18th century.",
          "An independent House, strategically located between Rembrand Square and National Opera, but where the
      bustle of the city comes to rest in this alley flowery and colorful.",
        ],
        "type": "house",
        "zoom": 10,
      },
    ]
  }
  type="main"
/>
`;
