// Jest Snapshot v1, https://goo.gl/fbAQLP

exports[`Render private route 1`] = `null`;
