// Jest Snapshot v1, https://goo.gl/fbAQLP

exports[`Render public route 1`] = `null`;
