// Jest Snapshot v1, https://goo.gl/fbAQLP

exports[`Render loading screen 1`] = `
<h1>
  Error while loading. Try refresh page or
  <a
    href="/"
    style={
      Object {
        "color": "tomato",
        "textDecoration": "underline",
      }
    }
  >
    go to main
  </a>
</h1>
`;
