// Jest Snapshot v1, https://goo.gl/fbAQLP

exports[`Render review form 1`] = `
<li
  className="reviews__item"
>
  <div
    className="reviews__user user"
  >
    <div
      className="reviews__avatar-wrapper user__avatar-wrapper"
    >
      <img
        alt="Max"
        className="reviews__avatar user__avatar"
        height="54"
        src="img/avatar-angelina.jpg"
        width="54"
      />
    </div>
    <span
      className="reviews__user-name"
    >
      Max
    </span>
  </div>
  <div
    className="reviews__info"
  >
    <div
      className="reviews__rating rating"
    >
      <div
        className="reviews__stars rating__stars"
      >
        <span
          style={
            Object {
              "width": "100%",
            }
          }
        />
        <span
          className="visually-hidden"
        >
          Rating
        </span>
      </div>
    </div>
    <p
      className="reviews__text"
    >
      Lorem ipsum dolor sit amet, consectetur adipisicing elit. Minima, quis!
    </p>
    <time
      className="reviews__time"
      dateTime="December 17th 2019-12-17"
    >
      December 2019
    </time>
  </div>
</li>
`;
